a=1
s=1
t=2
x=1
y=2
z=3
x2=1
y2=2
z2=3
Using absolute precision
	apx=1000
	apx=316.228
	apx=177.828
	apx=133.352
	apx=115.478
	apx=107.461
	apx=103.663
	apx=101.815
	apx=100.904
	apx=100.451
	apx=100.225
	apx=100.112
	apx=100.056
	apx=100.028
	apx=100.014
Using relative precision
	rpy=1000
	rpy=316.228
	rpy=177.828
	rpy=133.352
	rpy=115.478
	rpy=107.461
	rpy=103.663
	rpy=101.815
