Nested converge:
		x = 1.9802
		x = 2.93147
		x = 3.83649
		x = 4.68086
		x = 5.45402
		x = 6.1496
		x = 6.76527
		x = 7.30221
		x = 7.76437
		x = 8.15758
		x = 8.48881
		x = 8.76544
		x = 8.99482
		x = 9.18386
		x = 9.33888
		x = 9.46547
		x = 9.56848
		x = 9.65209
		x = 9.71978
		x = 9.7745
		x = 9.81865
		x = 9.85423
		x = 9.88289
		x = 9.90594
		x = 9.92448
		x = 9.93938
		x = 9.95135
		x = 9.96096
		x = 9.96867
		x = 9.97487
		x = 9.97984
		x = 9.98383
		x = 9.98703
		x = 9.98959
		x = 9.99165
		x = 9.99331
		x = 9.99463
		x = 9.99569
		x = 9.99655
		x = 9.99723
		x = 9.99778
		x = 9.99822
		x = 9.99857
		x = 9.99885
		x = 9.99908
		x = 9.99926
		x = 9.99941
		x = 9.99953
		x = 9.99962
		x = 9.9997
		x = 9.99976
		x = 9.9998
		x = 9.99984
		x = 9.99987
		x = 9.9999
		x = 9.99992
		x = 9.99993
		x = 9.99995
		x = 9.99996
		x = 9.99997
		x = 9.99997
		x = 9.99998
		x = 9.99998
		x = 9.99999
		x = 9.99999
		x = 9.99999
		x = 9.99999
		x = 9.99999
		x = 10
		x = 10
	y = 30
		x = 1.93548
		x = 2.78238
		x = 3.50039
		x = 4.07289
		x = 4.50552
		x = 4.81843
		x = 5.03723
		x = 5.18646
		x = 5.28648
		x = 5.35271
		x = 5.39621
		x = 5.42463
		x = 5.44312
		x = 5.45514
		x = 5.46293
		x = 5.46797
		x = 5.47124
		x = 5.47335
		x = 5.47472
		x = 5.47561
		x = 5.47618
		x = 5.47655
		x = 5.47679
		x = 5.47694
		x = 5.47704
		x = 5.47711
		x = 5.47715
		x = 5.47718
		x = 5.47719
		x = 5.4772
		x = 5.47721
		x = 5.47722
		x = 5.47722
		x = 5.47722
		x = 5.47722
		x = 5.47722
		x = 5.47722
	y = 16.4317
		x = 1.88527
		x = 2.624
		x = 3.17164
		x = 3.53721
		x = 3.76207
		x = 3.89278
		x = 3.96609
		x = 4.00635
		x = 4.0282
		x = 4.03997
		x = 4.0463
		x = 4.04969
		x = 4.05151
		x = 4.05248
		x = 4.053
		x = 4.05328
		x = 4.05343
		x = 4.05351
		x = 4.05355
		x = 4.05357
		x = 4.05359
		x = 4.05359
		x = 4.0536
		x = 4.0536
		x = 4.0536
		x = 4.0536
		x = 4.0536
	y = 12.1608
		x = 1.84803
		x = 2.51255
		x = 2.95689
		x = 3.21657
		x = 3.35444
		x = 3.42347
		x = 3.45695
		x = 3.47293
		x = 3.48049
		x = 3.48406
		x = 3.48574
		x = 3.48653
		x = 3.4869
		x = 3.48708
		x = 3.48716
		x = 3.4872
		x = 3.48722
		x = 3.48723
		x = 3.48723
		x = 3.48723
		x = 3.48723
		x = 3.48723
		x = 3.48723
	y = 10.4617
		x = 1.82551
		x = 2.44751
		x = 2.83763
		x = 3.04785
		x = 3.15013
		x = 3.1971
		x = 3.21806
		x = 3.22729
		x = 3.23133
		x = 3.23309
		x = 3.23386
		x = 3.2342
		x = 3.23434
		x = 3.23441
		x = 3.23443
		x = 3.23445
		x = 3.23445
		x = 3.23445
		x = 3.23445
		x = 3.23445
		x = 3.23446
	y = 9.70337
		x = 1.81314
		x = 2.41257
		x = 2.77534
		x = 2.96228
		x = 3.049
		x = 3.08702
		x = 3.10325
		x = 3.11009
		x = 3.11296
		x = 3.11416
		x = 3.11466
		x = 3.11487
		x = 3.11496
		x = 3.115
		x = 3.11501
		x = 3.11502
		x = 3.11502
		x = 3.11502
		x = 3.11502
		x = 3.11502
	y = 9.34507
		x = 1.80667
		x = 2.39449
		x = 2.74359
		x = 2.91931
		x = 2.99883
		x = 3.03287
		x = 3.04706
		x = 3.05291
		x = 3.05531
		x = 3.05629
		x = 3.05669
		x = 3.05686
		x = 3.05692
		x = 3.05695
		x = 3.05696
		x = 3.05697
		x = 3.05697
		x = 3.05697
		x = 3.05697
		x = 3.05697
	y = 9.17091
		x = 1.80336
		x = 2.38529
		x = 2.72757
		x = 2.89779
		x = 2.97386
		x = 3.00602
		x = 3.01927
		x = 3.02467
		x = 3.02686
		x = 3.02775
		x = 3.02811
		x = 3.02825
		x = 3.02831
		x = 3.02833
		x = 3.02834
		x = 3.02835
		x = 3.02835
		x = 3.02835
		x = 3.02835
	y = 9.08505
		x = 1.80169
		x = 2.38066
		x = 2.71953
		x = 2.88703
		x = 2.96141
		x = 2.99265
		x = 3.00545
		x = 3.01064
		x = 3.01273
		x = 3.01357
		x = 3.01391
		x = 3.01405
		x = 3.01411
		x = 3.01413
		x = 3.01414
		x = 3.01414
		x = 3.01414
		x = 3.01414
		x = 3.01414
	y = 9.04243
		x = 1.80084
		x = 2.37833
		x = 2.7155
		x = 2.88164
		x = 2.95519
		x = 2.98599
		x = 2.99856
		x = 3.00365
		x = 3.00569
		x = 3.00651
		x = 3.00684
		x = 3.00697
		x = 3.00703
		x = 3.00705
		x = 3.00706
		x = 3.00706
		x = 3.00706
		x = 3.00706
		x = 3.00706
	y = 9.02119
		x = 1.80042
		x = 2.37717
		x = 2.71348
		x = 2.87895
		x = 2.95208
		x = 2.98266
		x = 2.99512
		x = 3.00016
		x = 3.00218
		x = 3.00299
		x = 3.00331
		x = 3.00344
		x = 3.00349
		x = 3.00352
		x = 3.00352
		x = 3.00353
		x = 3.00353
		x = 3.00353
		x = 3.00353
	y = 9.01059
		x = 1.80021
		x = 2.37658
		x = 2.71247
		x = 2.87761
		x = 2.95053
		x = 2.98099
		x = 2.99341
		x = 2.99841
		x = 3.00042
		x = 3.00123
		x = 3.00155
		x = 3.00168
		x = 3.00173
		x = 3.00175
		x = 3.00176
		x = 3.00176
		x = 3.00176
		x = 3.00176
		x = 3.00176
	y = 9.00529
		x = 1.80011
		x = 2.37629
		x = 2.71197
		x = 2.87693
		x = 2.94975
		x = 2.98016
		x = 2.99255
		x = 2.99754
		x = 2.99954
		x = 3.00035
		x = 3.00067
		x = 3.0008
		x = 3.00085
		x = 3.00087
		x = 3.00088
		x = 3.00088
		x = 3.00088
		x = 3.00088
		x = 3.00088
	y = 9.00264
		x = 1.80005
		x = 2.37615
		x = 2.71171
		x = 2.8766
		x = 2.94936
		x = 2.97974
		x = 2.99212
		x = 2.9971
		x = 2.9991
		x = 2.99991
		x = 3.00023
		x = 3.00036
		x = 3.00041
		x = 3.00043
		x = 3.00044
		x = 3.00044
		x = 3.00044
		x = 3.00044
		x = 3.00044
	y = 9.00132
		x = 1.80003
		x = 2.37607
		x = 2.71159
		x = 2.87643
		x = 2.94917
		x = 2.97954
		x = 2.9919
		x = 2.99689
		x = 2.99889
		x = 2.99969
		x = 3.00001
		x = 3.00013
		x = 3.00019
		x = 3.00021
		x = 3.00021
		x = 3.00022
		x = 3.00022
		x = 3.00022
		x = 3.00022
	y = 9.00066
		x = 1.80001
		x = 2.37604
		x = 2.71153
		x = 2.87634
		x = 2.94907
		x = 2.97943
		x = 2.9918
		x = 2.99678
		x = 2.99878
		x = 2.99958
		x = 2.9999
		x = 3.00002
		x = 3.00008
		x = 3.0001
		x = 3.0001
		x = 3.00011
		x = 3.00011
		x = 3.00011
		x = 3.00011
	y = 9.00033
		x = 1.80001
		x = 2.37602
		x = 2.71149
		x = 2.8763
		x = 2.94902
		x = 2.97938
		x = 2.99174
		x = 2.99672
		x = 2.99872
		x = 2.99952
		x = 2.99984
		x = 2.99997
		x = 3.00002
		x = 3.00004
		x = 3.00005
		x = 3.00005
		x = 3.00005
		x = 3.00005
		x = 3.00005
	y = 9.00016
		x = 1.8
		x = 2.37601
		x = 2.71148
		x = 2.87628
		x = 2.949
		x = 2.97935
		x = 2.99172
		x = 2.9967
		x = 2.99869
		x = 2.99949
		x = 2.99981
		x = 2.99994
		x = 2.99999
		x = 3.00001
		x = 3.00002
		x = 3.00003
		x = 3.00003
		x = 3.00003
		x = 3.00003
	y = 9.00008
		x = 1.8
		x = 2.376
		x = 2.71147
		x = 2.87627
		x = 2.94898
		x = 2.97934
		x = 2.9917
		x = 2.99668
		x = 2.99868
		x = 2.99948
		x = 2.9998
		x = 2.99993
		x = 2.99998
		x = 3
		x = 3.00001
		x = 3.00001
		x = 3.00001
		x = 3.00001
		x = 3.00001
	y = 9.00004
		x = 1.8
		x = 2.376
		x = 2.71147
		x = 2.87626
		x = 2.94898
		x = 2.97934
		x = 2.9917
		x = 2.99668
		x = 2.99867
		x = 2.99947
		x = 2.99979
		x = 2.99992
		x = 2.99997
		x = 2.99999
		x = 3
		x = 3
		x = 3.00001
		x = 3.00001
		x = 3.00001
	y = 9.00002
		x = 1.8
		x = 2.376
		x = 2.71146
		x = 2.87626
		x = 2.94898
		x = 2.97933
		x = 2.99169
		x = 2.99667
		x = 2.99867
		x = 2.99947
		x = 2.99979
		x = 2.99992
		x = 2.99997
		x = 2.99999
		x = 3
		x = 3
		x = 3
		x = 3
		x = 3
	y = 9.00001
		x = 1.8
		x = 2.376
		x = 2.71146
		x = 2.87626
		x = 2.94897
		x = 2.97933
		x = 2.99169
		x = 2.99667
		x = 2.99867
		x = 2.99947
		x = 2.99979
		x = 2.99992
		x = 2.99997
		x = 2.99999
		x = 3
		x = 3
		x = 3
		x = 3
		x = 3
	y = 9
		x = 1.8
		x = 2.376
		x = 2.71146
		x = 2.87626
		x = 2.94897
		x = 2.97933
		x = 2.99169
		x = 2.99667
		x = 2.99867
		x = 2.99947
		x = 2.99979
		x = 2.99992
		x = 2.99997
		x = 2.99999
		x = 3
		x = 3
		x = 3
		x = 3
		x = 3
	y = 9
		x = 1.8
		x = 2.376
		x = 2.71146
		x = 2.87626
		x = 2.94897
		x = 2.97933
		x = 2.99169
		x = 2.99667
		x = 2.99867
		x = 2.99947
		x = 2.99979
		x = 2.99991
		x = 2.99997
		x = 2.99999
		x = 2.99999
		x = 3
		x = 3
		x = 3
		x = 3
	y = 9
		x = 1.8
		x = 2.376
		x = 2.71146
		x = 2.87626
		x = 2.94897
		x = 2.97933
		x = 2.99169
		x = 2.99667
		x = 2.99867
		x = 2.99947
		x = 2.99979
		x = 2.99991
		x = 2.99997
		x = 2.99999
		x = 2.99999
		x = 3
		x = 3
		x = 3
		x = 3
	y = 9
Stable : x = 3  Should be 3
Stable : y = 9  Should be 9
This should cause an error:
ERROR in file cvgcvg.sm near line 46:
	Unknown identifier: a
ERROR in file cvgcvg.sm near line 46:
	No match for sqrt(error)
a = 100
