x[1] converged to 1
x[2] converged to 2
x[3] converged to 3
x[4] converged to 4
x[5] converged to 5
x[6] converged to 6
x[7] converged to 7
x[8] converged to 8
x[9] converged to 9
x[10] converged to 10
