Minimum value 17 obtainted in state [L1a = 1, L1b = 2, L1c = 5, L1d = 10, L2a = 5, L2b = 10, R2a = 1, R2b = 2, L3a = 5, L3b = 10, L3c = 1, R3a = 2, L4a = 1, R4a = 2, R4b = 5, R4c = 10, L5a = 1, L5b = 2, R5a = 5, R5b = 10, R6a = 5, R6b = 10, R6c = 1, R6d = 2]
cost: 17
