d0 states:
State 0: a
State 1: b
d0 Markov chain:
From state 0:
	To state 0 with weight 0.25
	To state 1 with weight 0.75
From state 1:
	To state 0 with weight 1
Some bad state name errors:
ERROR in file dtmcs.sm near line 38:
    Duplicate identifier a within model
ERROR in file dtmcs.sm near line 41:
    Unknown identifier: c
ERROR in file dtmcs.sm near line 42:
    No match for arcs(error)
Warnings for duplicates:
WARNING in file dtmcs.sm near line 51:
    Ignoring duplicate initial probability for state a
    within model d2 built in file dtmcs.sm near line 61
WARNING in file dtmcs.sm near line 56:
    Summing duplicate arc from state a to b
    within model d2 built in file dtmcs.sm near line 61
3
States should appear in lexical order: a,b,c,d,e,f,g,h,i,j:
d3 states:
State 0: a
State 1: b
State 2: c
State 3: d
State 4: e
State 5: f
State 6: g
State 7: h
State 8: i
State 9: j
d3 Markov chain:
From state 0:
	To state 0 with weight 1
From state 1:
	To state 2 with weight 0.5
	To state 3 with weight 0.5
From state 2:
	To state 3 with weight 1
From state 3:
	To state 1 with weight 1
From state 4:
	To state 4 with weight 0.5
	To state 5 with weight 0.5
From state 5:
	To state 4 with weight 1
From state 6:
	To state 0 with weight 0.5
	To state 7 with weight 0.5
From state 7:
	To state 1 with weight 0.5
	To state 8 with weight 0.5
From state 8:
	To state 6 with weight 0.5
	To state 9 with weight 0.5
From state 9:
	To state 4 with weight 1
Transients should appear first {g,h,i,j}, then a, then recurrent
d3 states:
State 0: g
State 1: h
State 2: i
State 3: j
State 4: a
State 5: b
State 6: c
State 7: d
State 8: e
State 9: f
d3 Markov chain:
From state 0:
	To state 1 with weight 0.5
	To state 4 with weight 0.5
From state 1:
	To state 2 with weight 0.5
	To state 5 with weight 0.5
From state 2:
	To state 0 with weight 0.5
	To state 3 with weight 0.5
From state 3:
	To state 8 with weight 1
From state 4:
	To state 4 with weight 1
From state 5:
	To state 6 with weight 0.5
	To state 7 with weight 0.5
From state 6:
	To state 7 with weight 1
From state 7:
	To state 5 with weight 1
From state 8:
	To state 8 with weight 0.5
	To state 9 with weight 0.5
From state 9:
	To state 8 with weight 1
States should appear in definition order: a,g,h,i,j,b,c,d,e,f:
d3 states:
State 0: a
State 1: g
State 2: h
State 3: i
State 4: j
State 5: b
State 6: c
State 7: d
State 8: e
State 9: f
d3 Markov chain:
From state 0:
	To state 0 with weight 1
From state 1:
	To state 0 with weight 0.5
	To state 2 with weight 0.5
From state 2:
	To state 3 with weight 0.5
	To state 5 with weight 0.5
From state 3:
	To state 1 with weight 0.5
	To state 4 with weight 0.5
From state 4:
	To state 8 with weight 1
From state 5:
	To state 6 with weight 0.5
	To state 7 with weight 0.5
From state 6:
	To state 7 with weight 1
From state 7:
	To state 5 with weight 1
From state 8:
	To state 8 with weight 0.5
	To state 9 with weight 0.5
From state 9:
	To state 8 with weight 1
Birth death with 1 states:
State 0: s[1]
Markov chain:
From state 0:
	To state 0 with weight 1
Birth death with 2 states:
State 0: s[1]
State 1: s[2]
Markov chain:
From state 0:
	To state 1 with weight 1
From state 1:
	To state 0 with weight 1
Birth death with 3 states:
State 0: s[1]
State 1: s[2]
State 2: s[3]
Markov chain:
From state 0:
	To state 1 with weight 1
From state 1:
	To state 0 with weight 0.666667
	To state 2 with weight 0.333333
From state 2:
	To state 1 with weight 1
Birth death with 4 states:
State 0: s[1]
State 1: s[2]
State 2: s[3]
State 3: s[4]
Markov chain:
From state 0:
	To state 1 with weight 1
From state 1:
	To state 0 with weight 0.666667
	To state 2 with weight 0.333333
From state 2:
	To state 1 with weight 0.666667
	To state 3 with weight 0.333333
From state 3:
	To state 2 with weight 1
Birth death with 5 states:
State 0: s[1]
State 1: s[2]
State 2: s[3]
State 3: s[4]
State 4: s[5]
Markov chain:
From state 0:
	To state 1 with weight 1
From state 1:
	To state 0 with weight 0.666667
	To state 2 with weight 0.333333
From state 2:
	To state 1 with weight 0.666667
	To state 3 with weight 0.333333
From state 3:
	To state 2 with weight 0.666667
	To state 4 with weight 0.333333
From state 4:
	To state 3 with weight 1
Should generate meaningful warnings:
WARNING in file dtmcs.sm near line 141:
    state y is from another model, ignoring initial weight
    within model foo1 built in file dtmcs.sm near line 157
WARNING in file dtmcs.sm near line 143:
    state x is from another model, ignoring arc
    within model foo1 built in file dtmcs.sm near line 157
WARNING in file dtmcs.sm near line 143:
    state x is from another model, ignoring arc
    within model foo1 built in file dtmcs.sm near line 157
WARNING in file dtmcs.sm near line 144:
    state y is from another model, ignoring arc
    within model foo1 built in file dtmcs.sm near line 157
WARNING in file dtmcs.sm near line 144:
    state y is from another model, ignoring arc
    within model foo1 built in file dtmcs.sm near line 157
WARNING in file dtmcs.sm near line 148:
    state x is from another model, ignoring arc
    within model foo1 built in file dtmcs.sm near line 157
This should be zero: 0
This should be zero: 0
Ergodic steady-state tests.
Should print a warning about no initial distribution, but work fine.
Should be 0.4: 0.4
Should be 0.2: 0.2
Should be 0.4: 0.4
Should be 0.8: 0.8
Absorbing steady-state tests.
Should be 0: 0
Should be 0: 0
Should be 0: 0
Should be 4: 4
Should be 1: 1
Should be 1: 1
This chain requires an initial distribution.
None is given, so we should get a warning and an error.
WARNING:
    Empty initial distribution
    within model two_absorb built in file dtmcs.sm near line 232
ERROR:
    Initial probability vector required for Markov chain solver
This will not converge, should print a warning:
WARNING:
    Markov chain linear solver (for steady-state) did not converge
Done with dtmc tests.
