
----------------------------------------------------------------
Variance for const(0):
	computed: 0
	  theory: 0

----------------------------------------------------------------
Variance for const(1):
	computed: 0
	  theory: 0

----------------------------------------------------------------
Variance for const(oo):
	computed: 0
	  theory: 0

----------------------------------------------------------------
Variance for equilikely(1,6):
	computed: 2.91667
	  theory: 2.91667

----------------------------------------------------------------
Variance for dice:
	computed: 5.83333
	  theory: 5.83333

----------------------------------------------------------------
Variance for bernoulli(0.6):
	computed: 0.24
	  theory: 0.24

----------------------------------------------------------------
Variance for geometric(0.6):
	computed: 3.75
	  theory: 3.75

----------------------------------------------------------------
Variance for pascal(3, 0.6):
	computed: 11.25
	  theory: 11.25

----------------------------------------------------------------
Variance for binomial(3, 0.6):
	computed: 0.72
	  theory: 0.72

----------------------------------------------------------------
Variance for sum of 3 bernoulli's:
	computed: 0.72
	  theory: 0.72

----------------------------------------------------------------
Variance for expo(5):
	computed: 0.04
	  theory: 0.04

----------------------------------------------------------------
Variance for ph real expo(5):
	computed: 0.04
	  theory: 0.04

----------------------------------------------------------------
Variance for erlang(3, 5):
	computed: 0.12
	  theory: 0.12

----------------------------------------------------------------
Variance of flip:
	computed: infinity
	  theory: infinity

