============================================================

Oz tta example
Should look like:
 r -> s;   r -> a
 s -> r;   s -> a

-------------------------------------------------------
Information for phase type tta(oz, ...)
Discrete phase type, state has dimension 1
Reachable states:
State 0: 0
State 1: 2
State 2: a
3 states total
Accepting state index: 2
No trap state
Initial distribution:
    (0:1)
Markov chain:
Row 0:
	0 : 0.5
	1 : 0.25
	2 : 0.25
Row 1:
	0 : 0.25
	1 : 0.5
	2 : 0.25
Row 2:
	2 : 1
4 edges total
End of information for phase type

============================================================

Example 2
Should look like:
 i -> x;   i -> t
 x -> a;

-------------------------------------------------------
Information for phase type tta(ex2, ...)
Discrete phase type, state has dimension 1
Reachable states:
State 0: 0
State 1: 1
State 2: t
State 3: a
4 states total
Accepting state index: 3
Trap state index: 2
Initial distribution:
    (0:1)
Markov chain:
Row 0:
	1 : 0.5
	2 : 0.5
Row 1:
	3 : 1
Row 2:
	2 : 1
Row 3:
	3 : 1
3 edges total
End of information for phase type

============================================================

Example 3
Should look like:
 i -> x;   i -> t
 x -> a;

-------------------------------------------------------
Information for phase type tta(ex3, ...)
Discrete phase type, state has dimension 1
Reachable states:
State 0: 0
State 1: 1
State 2: t
State 3: a
4 states total
Accepting state index: 3
Trap state index: 2
Initial distribution:
    (0:1)
Markov chain:
Row 0:
	1 : 0.5
	2 : 0.5
Row 1:
	3 : 1
Row 2:
	2 : 1
Row 3:
	3 : 1
3 edges total
End of information for phase type

============================================================

Example 4
Should look like:
 x1 -> t;  x1 -> x2;  x1 -> y1
 x2 -> t;  x2 -> x3;  x2 -> y2
 x3 -> t;  x3 -> a;
 y1 -> y2; y2 -> a;

-------------------------------------------------------
Information for phase type tta(ex4, ...)
Discrete phase type, state has dimension 1
Reachable states:
State 0: 0
State 1: 1
State 2: 3
State 3: 2
State 4: 7
State 5: t
State 6: a
7 states total
Accepting state index: 6
Trap state index: 5
Initial distribution:
    (0:1)
Markov chain:
Row 0:
	1 : 0.5
	2 : 0.25
	5 : 0.25
Row 1:
	3 : 0.5
	4 : 0.25
	5 : 0.25
Row 2:
	4 : 1
Row 3:
	5 : 0.5
	6 : 0.5
Row 4:
	6 : 1
Row 5:
	5 : 1
Row 6:
	6 : 1
10 edges total
End of information for phase type

============================================================

Example 5
Should look like:
 x1 -> t;  x1 -> x2;  x1 -> y1
 x2 -> t;  x2 -> x3;  x2 -> y2
 x3 -> t;  x3 -> a;
 y1 -> y2; y2 -> a;

-------------------------------------------------------
Information for phase type tta(ex5, ...)
Continuous phase type, state has dimension 1
Reachable states:
State 0: 0
State 1: 1
State 2: 3
State 3: 2
State 4: 7
State 5: t
State 6: a
7 states total
Accepting state index: 6
Trap state index: 5
Initial distribution:
    (0:1)
Markov chain:
Row 0:
	1 : 2
	2 : 1
	5 : 1
Row 1:
	3 : 2
	4 : 1
	5 : 1
Row 2:
	4 : 1
Row 3:
	5 : 1
	6 : 1
Row 4:
	6 : 1
Row 5:
Row 6:
10 edges total
End of information for phase type

