Satisfiable in state [r01 = 1, r02 = 3, r03 = 5, r04 = 8, r05 = 10, r06 = 12, r07 = 6, r08 = 11, r09 = 2, r10 = 7, r11 = 9, r12 = 4]
solve: true
