Satisfiable in state [r01 = 1, r02 = 5, r03 = 8, r04 = 6, r05 = 3, r06 = 7, r07 = 2, r08 = 4]
solve: true
