Satisfiable in state [r1 = 2, r2 = 4, r3 = 6, r4 = 1, r5 = 3, r6 = 5]
solve: true
