Satisfiable in state [r01 = 1, r02 = 3, r03 = 6, r04 = 8, r05 = 10, r06 = 5, r07 = 9, r08 = 2, r09 = 4, r10 = 7]
solve: true
