
----------------------------------------------------------------
Average for const(0): 0 +- 0 (95%)

----------------------------------------------------------------
Average for const(1): 1 +- 0 (95%)

----------------------------------------------------------------
Average for const(oo): null

----------------------------------------------------------------
Average for equilikely(1,6): 3.50286 +- 0.004 (95%)

----------------------------------------------------------------
Average for dice: 6.99739 +- 0.007 (95%)

----------------------------------------------------------------
Average for bernoulli(0.6): 0.600047 +- 0.0006 (95%)

----------------------------------------------------------------
Average for geometric(0.6): 1.50113 +- 0.002 (95%)

----------------------------------------------------------------
Average for pascal(3, 0.6): 4.50204 +- 0.005 (95%)

----------------------------------------------------------------
Average for binomial(3, 0.6): 1.79982 +- 0.002 (95%)

----------------------------------------------------------------
Average for sum of 3 bernoulli's: 1.79981 +- 0.002 (95%)

----------------------------------------------------------------
Average for expo(5): 0.200035 +- 0.0002 (95%)

----------------------------------------------------------------
Average for ph real expo(5): 0.200173 +- 0.0002 (95%)

----------------------------------------------------------------
Average for erlang(3, 5): 0.600019 +- 0.0006 (95%)

