Satisfiable in state [x12 = 6, x14 = 1, x16 = 4, x18 = 5, x23 = 8, x24 = 3, x26 = 5, x27 = 6, x31 = 2, x39 = 1, x41 = 8, x44 = 4, x46 = 7, x49 = 6, x53 = 6, x57 = 3, x61 = 7, x64 = 9, x66 = 1, x69 = 4, x71 = 5, x79 = 2, x83 = 7, x84 = 2, x86 = 6, x87 = 9, x92 = 4, x94 = 5, x96 = 8, x98 = 7, x11 = 9, x13 = 3, x15 = 7, x17 = 2, x19 = 8, x21 = 1, x22 = 7, x25 = 2, x28 = 4, x29 = 9, x32 = 5, x33 = 4, x34 = 6, x35 = 8, x36 = 9, x37 = 7, x38 = 3, x42 = 2, x43 = 1, x45 = 3, x47 = 5, x48 = 9, x51 = 4, x52 = 9, x54 = 8, x55 = 5, x56 = 2, x58 = 1, x59 = 7, x62 = 3, x63 = 5, x65 = 6, x67 = 8, x68 = 2, x72 = 8, x73 = 9, x74 = 7, x75 = 1, x76 = 3, x77 = 4, x78 = 6, x81 = 3, x82 = 1, x85 = 4, x88 = 8, x89 = 5, x91 = 6, x93 = 2, x95 = 9, x97 = 1, x99 = 3]
solution: true
Satisfiable in state [x12 = 6, x14 = 1, x16 = 4, x18 = 5, x23 = 8, x24 = 3, x26 = 5, x27 = 6, x31 = 2, x39 = 1, x41 = 8, x44 = 4, x46 = 7, x49 = 6, x53 = 6, x57 = 3, x61 = 7, x64 = 9, x66 = 1, x69 = 4, x71 = 5, x79 = 2, x83 = 7, x84 = 2, x86 = 6, x87 = 9, x92 = 4, x94 = 5, x96 = 8, x98 = 7, x11 = 9, x13 = 3, x15 = 7, x17 = 2, x19 = 8, x21 = 1, x22 = 7, x25 = 2, x28 = 4, x29 = 9, x32 = 5, x33 = 4, x34 = 6, x35 = 8, x36 = 9, x37 = 7, x38 = 3, x42 = 2, x43 = 1, x45 = 3, x47 = 5, x48 = 9, x51 = 4, x52 = 9, x54 = 8, x55 = 5, x56 = 2, x58 = 1, x59 = 7, x62 = 3, x63 = 5, x65 = 6, x67 = 8, x68 = 2, x72 = 8, x73 = 9, x74 = 7, x75 = 1, x76 = 3, x77 = 4, x78 = 6, x81 = 3, x82 = 1, x85 = 4, x88 = 8, x89 = 5, x91 = 6, x93 = 2, x95 = 9, x97 = 1, x99 = 3]
verify: true
