Satisfiable in state [x12 = 8, x14 = 6, x18 = 2, x21 = 2, x24 = 3, x29 = 4, x32 = 6, x38 = 5, x48 = 9, x49 = 7, x54 = 4, x55 = 2, x56 = 9, x61 = 1, x62 = 3, x72 = 2, x78 = 4, x81 = 7, x86 = 5, x89 = 1, x92 = 4, x96 = 6, x98 = 8, x11 = 9, x13 = 7, x15 = 5, x16 = 4, x17 = 1, x19 = 3, x22 = 1, x23 = 5, x25 = 9, x26 = 8, x27 = 6, x28 = 7, x31 = 3, x33 = 4, x34 = 7, x35 = 1, x36 = 2, x37 = 9, x39 = 8, x41 = 4, x42 = 5, x43 = 2, x44 = 1, x45 = 6, x46 = 3, x47 = 8, x51 = 6, x52 = 7, x53 = 8, x57 = 3, x58 = 1, x59 = 5, x63 = 9, x64 = 5, x65 = 8, x66 = 7, x67 = 4, x68 = 6, x69 = 2, x71 = 8, x73 = 3, x74 = 9, x75 = 7, x76 = 1, x77 = 5, x79 = 6, x82 = 9, x83 = 6, x84 = 8, x85 = 4, x87 = 2, x88 = 3, x91 = 5, x93 = 1, x94 = 2, x95 = 3, x97 = 7, x99 = 9]
solution: true
Satisfiable in state [x12 = 8, x14 = 6, x18 = 2, x21 = 2, x24 = 3, x29 = 4, x32 = 6, x38 = 5, x48 = 9, x49 = 7, x54 = 4, x55 = 2, x56 = 9, x61 = 1, x62 = 3, x72 = 2, x78 = 4, x81 = 7, x86 = 5, x89 = 1, x92 = 4, x96 = 6, x98 = 8, x11 = 9, x13 = 7, x15 = 5, x16 = 4, x17 = 1, x19 = 3, x22 = 1, x23 = 5, x25 = 9, x26 = 8, x27 = 6, x28 = 7, x31 = 3, x33 = 4, x34 = 7, x35 = 1, x36 = 2, x37 = 9, x39 = 8, x41 = 4, x42 = 5, x43 = 2, x44 = 1, x45 = 6, x46 = 3, x47 = 8, x51 = 6, x52 = 7, x53 = 8, x57 = 3, x58 = 1, x59 = 5, x63 = 9, x64 = 5, x65 = 8, x66 = 7, x67 = 4, x68 = 6, x69 = 2, x71 = 8, x73 = 3, x74 = 9, x75 = 7, x76 = 1, x77 = 5, x79 = 6, x82 = 9, x83 = 6, x84 = 8, x85 = 4, x87 = 2, x88 = 3, x91 = 5, x93 = 1, x94 = 2, x95 = 3, x97 = 7, x99 = 9]
verify: true
